// Jest Snapshot v1, https://goo.gl/fbAQLP

exports[`Describable page module successfully render app in the document body 1`] = `
<div
  class="class-1 class-2"
  id="test-id"
  test="test-attribute"
>
  Hello
</div>
`;
